2025-11-13 20:22:55,798 | INFO | === SME Preprocessing & Chunking Pipeline (Multi-Format, LSH Enabled, Sanitized) ===
2025-11-13 20:22:55,798 | INFO | Input dir: ./data_smoke
2025-11-13 20:22:55,798 | INFO | Artifacts: ./artifacts_smoke
2025-11-13 20:22:55,798 | INFO | Granularities: [2048, 512, 128], overlap: 64
2025-11-13 20:22:55,798 | INFO | Scanning for documents in: ./data_smoke
2025-11-13 20:22:55,799 | INFO | Found 1 total files.
2025-11-13 20:22:55,799 | INFO | Found 1 documents across 1 file types
2025-11-13 20:22:55,800 | INFO | Initializing shared TextEmbedder...
2025-11-13 20:22:55,816 | INFO | Use pytorch device_name: cuda:0
2025-11-13 20:22:55,817 | INFO | Load pretrained SentenceTransformer: sentence-transformers/all-mpnet-base-v2
2025-11-13 20:23:03,277 | INFO | Parsing: demo.txt
2025-11-13 20:23:03,285 | INFO | Cleaned demo.txt: {'clean_chars': 104}
2025-11-13 20:23:03,310 | INFO | Chunking demo.txt at granularity 2048 with overlap 256
2025-11-13 20:23:03,313 | INFO | Deduplicating 1 chunks with LSH (threshold=0.9)...
2025-11-13 20:23:03,417 | INFO | Reduced to 1 chunks after LSH deduplication.
2025-11-13 20:23:03,423 | INFO | Wrote 1 chunks to ./artifacts_smoke\chunks\2048_tokens_demo.jsonl
2025-11-13 20:23:05,567 | INFO | Wrote embedding graph for demo.txt at 2048 tokens \u2192 ./artifacts_smoke\graph
2025-11-13 20:23:05,569 | INFO | Chunking demo.txt at granularity 512 with overlap 128
2025-11-13 20:23:05,570 | INFO | Deduplicating 1 chunks with LSH (threshold=0.9)...
2025-11-13 20:23:05,750 | INFO | Reduced to 1 chunks after LSH deduplication.
2025-11-13 20:23:05,760 | INFO | Wrote 1 chunks to ./artifacts_smoke\chunks\512_tokens_demo.jsonl
2025-11-13 20:23:05,939 | INFO | Wrote embedding graph for demo.txt at 512 tokens \u2192 ./artifacts_smoke\graph
2025-11-13 20:23:05,941 | INFO | Chunking demo.txt at granularity 128 with overlap 32
2025-11-13 20:23:05,943 | INFO | Deduplicating 1 chunks with LSH (threshold=0.9)...
2025-11-13 20:23:06,054 | INFO | Reduced to 1 chunks after LSH deduplication.
2025-11-13 20:23:06,060 | INFO | Wrote 1 chunks to ./artifacts_smoke\chunks\128_tokens_demo.jsonl
2025-11-13 20:23:06,204 | INFO | Wrote embedding graph for demo.txt at 128 tokens \u2192 ./artifacts_smoke\graph
2025-11-13 20:23:06,209 | INFO | Per-document processing complete: {'files': 1, 'clean_chars': 104, 'errors': 0}
2025-11-13 20:23:06,210 | INFO | === Starting Batch-Level Cross-Document Deduplication ===
2025-11-13 20:23:06,211 | INFO | Batch dedup for granularity 2048 tokens...
2025-11-13 20:23:06,214 | INFO | Loaded 1 chunks from 1 files @ 2048 tokens
2025-11-13 20:23:06,215 | INFO | Deduplicating 1 chunks with LSH (threshold=0.9)...
2025-11-13 20:23:06,315 | INFO | Reduced to 1 chunks after LSH deduplication.
2025-11-13 20:23:06,332 | INFO | Batch dedup @ 2048 tokens: 1 \u2192 1 chunks
2025-11-13 20:23:06,333 | INFO | Saved to: ./artifacts_smoke\chunks\2048_tokens_batch_deduped.jsonl
2025-11-13 20:23:06,335 | INFO | Batch dedup for granularity 512 tokens...
2025-11-13 20:23:06,338 | INFO | Loaded 1 chunks from 1 files @ 512 tokens
2025-11-13 20:23:06,339 | INFO | Deduplicating 1 chunks with LSH (threshold=0.9)...
2025-11-13 20:23:06,438 | INFO | Reduced to 1 chunks after LSH deduplication.
2025-11-13 20:23:06,443 | INFO | Batch dedup @ 512 tokens: 1 \u2192 1 chunks
2025-11-13 20:23:06,445 | INFO | Saved to: ./artifacts_smoke\chunks\512_tokens_batch_deduped.jsonl
2025-11-13 20:23:06,447 | INFO | Batch dedup for granularity 128 tokens...
2025-11-13 20:23:06,450 | INFO | Loaded 1 chunks from 1 files @ 128 tokens
2025-11-13 20:23:06,451 | INFO | Deduplicating 1 chunks with LSH (threshold=0.9)...
2025-11-13 20:23:06,548 | INFO | Reduced to 1 chunks after LSH deduplication.
2025-11-13 20:23:06,552 | INFO | Batch dedup @ 128 tokens: 1 \u2192 1 chunks
2025-11-13 20:23:06,553 | INFO | Saved to: ./artifacts_smoke\chunks\128_tokens_batch_deduped.jsonl
2025-11-13 20:23:06,554 | INFO | === DONE | {'files': 1, 'clean_chars': 104, 'errors': 0} | Logs: ./artifacts_smoke\logs\ingestion_1763045575.log
